[?1034h$ cd 
$ cd swc/ou_swc_files/
$ ls
[34mUsers[39;49m[0m        [34mgapminder[39;49m[0m    [34minflammation[39;49m[0m [34mr-gapminder[39;49m[0m
$ pwd 
/Users/laufers/swc/ou_swc_files
$ cd Users/
$ ls
[34mimhotep[39;49m[0m [34mlarry[39;49m[0m   [34mnelle[39;49m[0m
$ cd nelle
$ ls
[34mDesktop[39;49m[0m            [34mdata[39;49m[0m               [34mnorth-pacific-gyre[39;49m[0m pizza.cfg          [34mwriting[39;49m[0m
[34mcreatures[39;49m[0m          [34mmolecules[39;49m[0m          notes.txt          solar.pdf
$ pwd 
/Users/laufers/swc/ou_swc_files/Users/nelle
$ cd cra[Keaters[K[K[Kures
$ pwd 
/Users/laufers/swc/ou_swc_files/Users/nelle/creatures
$ ls
basilisk.dat unicorn.dat
$ Ech[K[K[Kecho "this is very[K[K[K[Kinteresting and seems to s[Kwork pretty nice. I [K[K[K"
this is interesting and seems to work pretty nice.
$ echo I [K[K" I[K[KI am looking fow[Krward to hearing how this woe[Krked in the last OSU SWC workshop."
I am looking forward to hearing how this worked in the last OSU SWC workshop.
$ ls
basilisk.dat unicorn.dat
$ pwd 
/Users/laufers/swc/ou_swc_files/Users/nelle/creatures
$ cd ../
$ ls
[34mDesktop[39;49m[0m            [34mdata[39;49m[0m               [34mnorth-pacific-gyre[39;49m[0m pizza.cfg          [34mwriting[39;49m[0m
[34mcreatures[39;49m[0m          [34mmolecules[39;49m[0m          notes.txt          solar.pdf
$ cd north-pacific-gyre/
$ ls
[34m2012-07-03[39;49m[0m
$ cd 20qe[K[K12-07-03
$ ls
NENE01729A.txt NENE01751B.txt NENE01971Z.txt NENE02040A.txt NENE02043B.txt
NENE01729B.txt NENE01812A.txt NENE01978A.txt NENE02040B.txt goodiff
NENE01736A.txt NENE01843A.txt NENE01978B.txt NENE02040Z.txt goostats
NENE01751A.txt NENE01843B.txt NENE02018B.txt NENE02043A.txt
$ ls *[AB].txt
NENE01729A.txt NENE01751A.txt NENE01843A.txt NENE01978B.txt NENE02040B.txt
NENE01729B.txt NENE01751B.txt NENE01843B.txt NENE02018B.txt NENE02043A.txt
NENE01736A.txt NENE01812A.txt NENE01978A.txt NENE02040A.txt NENE02043B.txt
$ ls *[AB].txt | wo[Kc -l 
      15
$ ls *.txt | wc -l
      17
$ for fiel[K[Klename in *.txt
> do
> echo '[K$filename
> wc -l $filename
> echo ''
> done 
NENE01729A.txt
     300 NENE01729A.txt

NENE01729B.txt
     300 NENE01729B.txt

NENE01736A.txt
     300 NENE01736A.txt

NENE01751A.txt
     300 NENE01751A.txt

NENE01751B.txt
     300 NENE01751B.txt

NENE01812A.txt
     300 NENE01812A.txt

NENE01843A.txt
     300 NENE01843A.txt

NENE01843B.txt
     300 NENE01843B.txt

NENE01971Z.txt
     300 NENE01971Z.txt

NENE01978A.txt
     300 NENE01978A.txt

NENE01978B.txt
     300 NENE01978B.txt

NENE02018B.txt
     240 NENE02018B.txt

NENE02040A.txt
     300 NENE02040A.txt

NENE02040B.txt
     300 NENE02040B.txt

NENE02040Z.txt
     300 NENE02040Z.txt

NENE02043A.txt
     300 NENE02043A.txt

NENE02043B.txt
     300 NENE02043B.txt

$ for filename in *.txt; do echo $filename; wc -l $filename; echo ''; done [1P[1P[1P[1P[1P[1P[1P[1P[1P[1P[1P[1P[1P[1P[1P[1P[1P[1P[1P[1P[1P[1P[1P[1P[1P
     300 NENE01729A.txt
     300 NENE01729B.txt
     300 NENE01736A.txt
     300 NENE01751A.txt
     300 NENE01751B.txt
     300 NENE01812A.txt
     300 NENE01843A.txt
     300 NENE01843B.txt
     300 NENE01971Z.txt
     300 NENE01978A.txt
     300 NENE01978B.txt
     240 NENE02018B.txt
     300 NENE02040A.txt
     300 NENE02040B.txt
     300 NENE02040Z.txt
     300 NENE02043A.txt
     300 NENE02043B.txt
$ exit
[?1034h$ ls
[31mansi2html.sh[39;49m[0m         [33mfull_terminal.pipe[39;49m[0m   readme.md            transcript.bashrc
[31mauto_push.sh[39;49m[0m         full_terminal.script setup_ssh_key.sh
commands.txt         index.html           short_prompt.bashrc
full_terminal.html   make_html.sh         start_transcript.sh
$ git stuat[K[K[Katus
On branch master
Your branch is up-to-date with 'origin/master'.
Changes not staged for commit:
  (use "git add <file>..." to update what will be committed)
  (use "git checkout -- <file>..." to discard changes in working directory)

	[31mmodified:   full_terminal.script[m

no changes added to commit (use "git add" and/or "git commit -a")
$ git add fi[Kull_terminal.script 
$ git commands.txt [K[K[K[K[K[K[K[K[K[K[K[Kommit -m 'test;[K'
On branch master
Your branch is up-to-date with 'origin/master'.
Changes not staged for commit:
	[31mmodified:   full_terminal.script[m

no changes added to commit
$ git stauts[K[K[Ktus
On branch master
Your branch is up-to-date with 'origin/master'.
Changes not staged for commit:
  (use "git add <file>..." to update what will be committed)
  (use "git checkout -- <file>..." to discard changes in working directory)

	[31mmodified:   commands.txt[m
	[31mmodified:   full_terminal.script[m

no changes added to commit (use "git add" and/or "git commit -a")
$ git status
On branch master
Your branch is up-to-date with 'origin/master'.
Changes not staged for commit:
  (use "git add <file>..." to update what will be committed)
  (use "git checkout -- <file>..." to discard changes in working directory)

	[31mmodified:   full_terminal.script[m

no changes added to commit (use "git add" and/or "git commit -a")
$ exit
[?1034h$ exit
[?1034h$ gsed [K[K[K[K[Kga
gatherheaderdoc  gawk             gawk-4.1.4       
$ ga
gatherheaderdoc  gawk             gawk-4.1.4       
$ gawk
gawk        gawk-4.1.4  
$ gawk[K[K[K[Kcls
bash: cls: command not found
$ exit
exit
[?1034h$ exit
[?1034h$ pwd
/Users/laufers/dropou/shared/shell-2017-04-18
$ cd swv[K[K[K
$ cd sew[K[Kq[Kwc_laufersweiler_mark.pdf [K[K[K[K[K[K[K[K[K[K[K[K[K[K[K[K[K[K[K[K[K[K[K[K_laufersweiler_mark.pdf [K[K[K[K[K[K[K[K[K[K[K[K[K[K[K[K[K[K[K[K[K[K[K[K/
/Users/laufers/Dropbox (Univ. of Oklahoma)/OULibraries/swc
$ cd ou-[K_swc_files/
$ ls
[34mUsers[39;49m[0m        [34mgapminder[39;49m[0m    [34minflammation[39;49m[0m [34mr-gapminder[39;49m[0m
$ cd Users/
$ ls
[34mimhotep[39;49m[0m [34mlarry[39;49m[0m   [34mnelle[39;49m[0m
$ ls
[34mimhotep[39;49m[0m [34mlarry[39;49m[0m   [34mnelle[39;49m[0m
$ cd nelle/
$ ls
[34mDesktop[39;49m[0m            [34mdata[39;49m[0m               [34mnorth-pacific-gyre[39;49m[0m pizza.cfg          [34mwriting[39;49m[0m
[34mcreatures[39;49m[0m          [34mmolecules[39;49m[0m          notes.txt          solar.pdf
$ cd data/
$ ls
amino-acids.txt [34melements[39;49m[0m        [34mpdb[39;49m[0m             salmon.txt
animals.txt     morse.txt       planets.txt     sunspot.txt
$ cd pdb
$ ls
aldrin.pdb           cyclopropane.pdb     methane.pdb          quinine.pdb
ammonia.pdb          ethane.pdb           methanol.pdb         strychnine.pdb
ascorbic-acid.pdb    ethanol.pdb          mint.pdb             styrene.pdb
benzaldehyde.pdb     ethylcyclohexane.pdb morphine.pdb         sucrose.pdb
camphene.pdb         glycol.pdb           mustard.pdb          testosterone.pdb
cholesterol.pdb      heme.pdb             nerol.pdb            thiamine.pdb
cinnamaldehyde.pdb   lactic-acid.pdb      norethindrone.pdb    tnt.pdb
citronellal.pdb      lactose.pdb          octane.pdb           tuberin.pdb
codeine.pdb          lanoxin.pdb          pentane.pdb          tyrian-purple.pdb
cubane.pdb           lsd.pdb              piperine.pdb         vanillin.pdb
cyclobutane.pdb      maltose.pdb          propane.pdb          vinyl-chloride.pdb
cyclohexanol.pdb     menthol.pdb          pyridoxal.pdb        vitamin-a.pdb
$ pwd 
/Users/laufers/Dropbox (Univ. of Oklahoma)/OULibraries/swc/ou_swc_files/Users/nelle/data/pdb
$ catal[K[K[Kt aldrin.pdb 
COMPND      ALDRIN
AUTHOR      DAVE WOODCOCK  97 08 06
ATOM      1  C           1      -0.888   0.654  -1.753
ATOM      2  C           1       0.276   1.404  -1.135
ATOM      3  C           1       1.381   0.453  -0.730
ATOM      4  C           1       0.786  -0.400   0.372
ATOM      5  C           1      -0.640   0.143   0.522
ATOM      6  C           1      -1.451  -0.124  -0.733
ATOM      7 CL           1      -1.479  -0.191   2.029
ATOM      8 CL           1      -2.844  -1.216  -0.888
ATOM      9 CL           1      -1.450   0.743  -3.432
ATOM     10 CL           1       0.737   2.870  -1.987
ATOM     11  C           1      -0.369   1.633   0.244
ATOM     12 CL           1      -1.860   2.599   0.158
ATOM     13 CL           1       0.735   2.363   1.410
ATOM     14  C           1       1.037  -1.812  -0.091
ATOM     15  C           1       0.994  -1.782  -1.608
ATOM     16  C           1       1.937  -0.617  -1.697
ATOM     17  C           1       2.584  -2.004   0.033
ATOM     18  C           1       3.113  -1.214  -1.046
ATOM     19  H           1       2.231   1.006  -0.328
ATOM     20  H           1       1.320  -0.204   1.301
ATOM     21  H           1       0.442  -2.597   0.378
ATOM     22  H           1       0.002  -1.636  -2.012
ATOM     23  H           1       1.441  -2.681  -2.039
ATOM     24  H           1       2.104  -0.212  -2.687
ATOM     25  H           1       2.985  -2.347   0.999
ATOM     26  H           1       4.160  -0.911  -0.708
TER      27              1
END
$ grep -i auth *.ped[K[Kdf[Kb
aldrin.pdb:AUTHOR      DAVE WOODCOCK  97 08 06
ammonia.pdb:AUTHOR      DAVE WOODCOCK  97 10 31
ascorbic-acid.pdb:AUTHOR      DAVE WOODCOCK  96 05 24
benzaldehyde.pdb:AUTHOR      DAVE WOODCOCK  96 07 05
camphene.pdb:AUTHOR      DAVE WOODCOCK  96 02 06
cholesterol.pdb:AUTHOR      DAVE WOODCOCK  96 07 31
cinnamaldehyde.pdb:AUTHOR      DAVE WOODCOCK  97 06 04
citronellal.pdb:AUTHOR      DAVE WOODCOCK  96 12 20
codeine.pdb:AUTHOR      DAVE WOODCOCK  97 05 26
cubane.pdb:AUTHOR      DAVE WOODCOCK  95 12 06
cyclobutane.pdb:AUTHOR      DAVE WOODCOCK  96 02 23
cyclohexanol.pdb:AUTHOR      DAVE WOODCOCK  96 06 28
cyclopropane.pdb:AUTHOR      DAVE WOODCOCK  96 02 23
ethane.pdb:AUTHOR      DAVE WOODCOCK  95 12 18
ethanol.pdb:AUTHOR      DAVE WOODCOCK  96 01 03
ethylcyclohexane.pdb:AUTHOR    Created by Dave Woodcock at Okanagan University College
ethylcyclohexane.pdb:AUTHOR    email:woodcock@okanagan.bc.ca
ethylcyclohexane.pdb:AUTHOR    GENERATED BY BABEL 1.6 
glycol.pdb:AUTHOR      DAVE WOODCOCK  96 06 28
heme.pdb:AUTHOR      DAVE WOODCOCK  97 05 31
lactic-acid.pdb:AUTHOR      DAVE WOODCOCK 98 02 11
lactose.pdb:AUTHOR      DAVE WOODCOCK  96 10 11
lanoxin.pdb:AUTHOR    Created by Dave Woodcock at Okanagan University College
lanoxin.pdb:AUTHOR    email:woodcock@okanagan.bc.ca
lanoxin.pdb:AUTHOR    GENERATED BY BABEL 1.6 
lsd.pdb:AUTHOR      DAVE WOODCOCK  95 12 12
maltose.pdb:AUTHOR      DAVE WOODCOCK  96 10 11
menthol.pdb:AUTHOR      DAVE WOODCOCK  95 11 02
methane.pdb:AUTHOR      DAVE WOODCOCK  95 12 18
methanol.pdb:AUTHOR      DAVE WOODCOCK  96 01 03
mint.pdb:AUTHOR      DAVE WOODCOCK  97 06 03
morphine.pdb:AUTHOR      DAVE WOODCOCK  97 03 17
mustard.pdb:AUTHOR      DAVE WOODCOCK  96 10 11
nerol.pdb:AUTHOR      DAVE WOODCOCK  96 12 20
norethindrone.pdb:AUTHOR      DAVE WOODCOCK  97 07 26
octane.pdb:AUTHOR      DAVE WOODCOCK  96 01 05
pentane.pdb:AUTHOR      DAVE WOODCOCK  95 12 18
piperine.pdb:AUTHOR      DAVE WOODCOCK  97 10 28
propane.pdb:AUTHOR      DAVE WOODCOCK  95  12 18
pyridoxal.pdb:AUTHOR      DAVE WOODCOCK  97 08 13
quinine.pdb:AUTHOR      DAVE WOODCOCK  95 11 02
strychnine.pdb:AUTHOR      DAVE WOODCOCK  97 03 17
styrene.pdb:AUTHOR      DAVE WOODCOCK  96 07 05
sucrose.pdb:AUTHOR      DAVE WOODCOCK  96 10 15
testosterone.pdb:AUTHOR      DAVE WOODCOCK  97 08 06
thiamine.pdb:AUTHOR      DAVE WOODCOCK  97 08 06
tnt.pdb:AUTHOR      DAVE WOODCOCK  96 07 05
tuberin.pdb:AUTHOR    Created by Dave Woodcock at Okanagan University College
tuberin.pdb:AUTHOR    email:woodcock@okanagan.bc.ca
tuberin.pdb:AUTHOR    GENERATED BY BABEL 1.6 
tyrian-purple.pdb:AUTHOR      DAVE WOODCOCK  95 11 01
vanillin.pdb:AUTHOR      DAVE WOODCOCK  95 11 01
vinyl-chloride.pdb:AUTHOR      JENNI WOODCOCK  97 07 31
vitamin-a.pdb:AUTHOR      DAVE WOODCOCK  97 03 17
$ ls
aldrin.pdb           cyclopropane.pdb     methane.pdb          quinine.pdb
ammonia.pdb          ethane.pdb           methanol.pdb         strychnine.pdb
ascorbic-acid.pdb    ethanol.pdb          mint.pdb             styrene.pdb
benzaldehyde.pdb     ethylcyclohexane.pdb morphine.pdb         sucrose.pdb
camphene.pdb         glycol.pdb           mustard.pdb          testosterone.pdb
cholesterol.pdb      heme.pdb             nerol.pdb            thiamine.pdb
cinnamaldehyde.pdb   lactic-acid.pdb      norethindrone.pdb    tnt.pdb
citronellal.pdb      lactose.pdb          octane.pdb           tuberin.pdb
codeine.pdb          lanoxin.pdb          pentane.pdb          tyrian-purple.pdb
cubane.pdb           lsd.pdb              piperine.pdb         vanillin.pdb
cyclobutane.pdb      maltose.pdb          propane.pdb          vinyl-chloride.pdb
cyclohexanol.pdb     menthol.pdb          pyridoxal.pdb        vitamin-a.pdb
$ cd ..
$ ls
amino-acids.txt [34melements[39;49m[0m        [34mpdb[39;49m[0m             salmon.txt
animals.txt     morse.txt       planets.txt     sunspot.txt
$ cd ..
$ ls
[34mDesktop[39;49m[0m            [34mdata[39;49m[0m               [34mnorth-pacific-gyre[39;49m[0m pizza.cfg          [34mwriting[39;49m[0m
[34mcreatures[39;49m[0m          [34mmolecules[39;49m[0m          notes.txt          solar.pdf
$ cd north-pacific-gyre/
.DS_Store   2012-07-03/ 
$ cd north-pacific-gyre/2012-07-03/
$ ls
NENE01729A.txt NENE01751B.txt NENE01971Z.txt NENE02040A.txt NENE02043B.txt
NENE01729B.txt NENE01812A.txt NENE01978A.txt NENE02040B.txt goodiff
NENE01736A.txt NENE01843A.txt NENE01978B.txt NENE02040Z.txt goostats
NENE01751A.txt NENE01843B.txt NENE02018B.txt NENE02043A.txt
$ cd ..
$ ls
[34m2012-07-03[39;49m[0m
$ cd ..
$ ls
[34mDesktop[39;49m[0m            [34mdata[39;49m[0m               [34mnorth-pacific-gyre[39;49m[0m pizza.cfg          [34mwriting[39;49m[0m
[34mcreatures[39;49m[0m          [34mmolecules[39;49m[0m          notes.txt          solar.pdf
$ cd ..
$ ls
[34mimhotep[39;49m[0m [34mlarry[39;49m[0m   [34mnelle[39;49m[0m
$ cd ..
$ ls
[34mUsers[39;49m[0m        [34mgapminder[39;49m[0m    [34minflammation[39;49m[0m [34mr-gapminder[39;49m[0m
$ find . -name ".DS_Store" -print -exec \rm {} \;
./.DS_Store
./gapminder/.DS_Store
./inflammation/.DS_Store
./Users/.DS_Store
./Users/nelle/.DS_Store
./Users/nelle/data/.DS_Store
./Users/nelle/north-pacific-gyre/.DS_Store
./Users/nelle/writing/.DS_Store
./Users/nelle/writing/tools/.DS_Store
$ ls
[34mUsers[39;49m[0m        [34mgapminder[39;49m[0m    [34minflammation[39;49m[0m [34mr-gapminder[39;49m[0m
$ ls 0a[K[K-a[Ka
[34m.[39;49m[0m            [34m..[39;49m[0m           [34m.git[39;49m[0m         [34mUsers[39;49m[0m        [34mgapminder[39;49m[0m    [34minflammation[39;49m[0m [34mr-gapminder[39;49m[0m
$ ls
[34mUsers[39;49m[0m        [34mgapminder[39;49m[0m    [34minflammation[39;49m[0m [34mr-gapminder[39;49m[0m
$ gir[Kt status 
On branch master
Your branch is up-to-date with 'origin/master'.
nothing to commit, working tree clean
$ ls
[34mUsers[39;49m[0m        [34mgapminder[39;49m[0m    [34minflammation[39;49m[0m [34mr-gapminder[39;49m[0m
$ cd Users/nelle/
$ ls
[34mDesktop[39;49m[0m            [34mdata[39;49m[0m               [34mnorth-pacific-gyre[39;49m[0m pizza.cfg          [34mwriting[39;49m[0m
[34mcreatures[39;49m[0m          [34mmolecules[39;49m[0m          notes.txt          solar.pdf
$ cd molecules/
$ ls
cubane.pdb  ethane.pdb  methane.pdb octane.pdb  pentane.pdb propane.pdb
$ for filename in #.[K[K*.pdb
> od[K[Kdo
> wc -l $filename
> done
      20 cubane.pdb
      12 ethane.pdb
       9 methane.pdb
      30 octane.pdb
      21 pentane.pdb
      15 propane.pdb
$ exit
exit
[?1034h$ d